INFO:     Started server process [13512]
INFO:     Waiting for application startup.
INFO:     Application startup complete.
INFO:     Uvicorn running on http://127.0.0.1:8000 (Press CTRL+C to quit)
D:\¥Î»∏\2026 ±›¿∂ AI Challenge\.venv\Lib\site-packages\sklearn\utils\validation.py:2749: UserWarning: X does not have valid feature names, but LGBMRegressor was fitted with feature names
  warnings.warn(
D:\¥Î»∏\2026 ±›¿∂ AI Challenge\.venv\Lib\site-packages\sklearn\utils\validation.py:2749: UserWarning: X does not have valid feature names, but LGBMRegressor was fitted with feature names
  warnings.warn(
D:\¥Î»∏\2026 ±›¿∂ AI Challenge\.venv\Lib\site-packages\sklearn\utils\validation.py:2749: UserWarning: X does not have valid feature names, but LGBMRegressor was fitted with feature names
  warnings.warn(
D:\¥Î»∏\2026 ±›¿∂ AI Challenge\.venv\Lib\site-packages\sklearn\utils\validation.py:2749: UserWarning: X does not have valid feature names, but LGBMRegressor was fitted with feature names
  warnings.warn(
D:\¥Î»∏\2026 ±›¿∂ AI Challenge\.venv\Lib\site-packages\sklearn\utils\validation.py:2749: UserWarning: X does not have valid feature names, but LGBMRegressor was fitted with feature names
  warnings.warn(
D:\¥Î»∏\2026 ±›¿∂ AI Challenge\.venv\Lib\site-packages\sklearn\utils\validation.py:2749: UserWarning: X does not have valid feature names, but LGBMRegressor was fitted with feature names
  warnings.warn(
D:\¥Î»∏\2026 ±›¿∂ AI Challenge\.venv\Lib\site-packages\sklearn\utils\validation.py:2749: UserWarning: X does not have valid feature names, but LGBMRegressor was fitted with feature names
  warnings.warn(
D:\¥Î»∏\2026 ±›¿∂ AI Challenge\.venv\Lib\site-packages\sklearn\utils\validation.py:2749: UserWarning: X does not have valid feature names, but LGBMRegressor was fitted with feature names
  warnings.warn(
D:\¥Î»∏\2026 ±›¿∂ AI Challenge\.venv\Lib\site-packages\sklearn\utils\validation.py:2749: UserWarning: X does not have valid feature names, but LGBMRegressor was fitted with feature names
  warnings.warn(
D:\¥Î»∏\2026 ±›¿∂ AI Challenge\.venv\Lib\site-packages\sklearn\utils\validation.py:2749: UserWarning: X does not have valid feature names, but LGBMRegressor was fitted with feature names
  warnings.warn(
D:\¥Î»∏\2026 ±›¿∂ AI Challenge\.venv\Lib\site-packages\sklearn\utils\validation.py:2749: UserWarning: X does not have valid feature names, but LGBMRegressor was fitted with feature names
  warnings.warn(
D:\¥Î»∏\2026 ±›¿∂ AI Challenge\.venv\Lib\site-packages\sklearn\utils\validation.py:2749: UserWarning: X does not have valid feature names, but LGBMRegressor was fitted with feature names
  warnings.warn(
D:\¥Î»∏\2026 ±›¿∂ AI Challenge\.venv\Lib\site-packages\sklearn\utils\validation.py:2749: UserWarning: X does not have valid feature names, but LGBMRegressor was fitted with feature names
  warnings.warn(
D:\¥Î»∏\2026 ±›¿∂ AI Challenge\.venv\Lib\site-packages\sklearn\utils\validation.py:2749: UserWarning: X does not have valid feature names, but LGBMRegressor was fitted with feature names
  warnings.warn(
D:\¥Î»∏\2026 ±›¿∂ AI Challenge\.venv\Lib\site-packages\sklearn\utils\validation.py:2749: UserWarning: X does not have valid feature names, but LGBMRegressor was fitted with feature names
  warnings.warn(
D:\¥Î»∏\2026 ±›¿∂ AI Challenge\.venv\Lib\site-packages\sklearn\utils\validation.py:2749: UserWarning: X does not have valid feature names, but LGBMRegressor was fitted with feature names
  warnings.warn(
D:\¥Î»∏\2026 ±›¿∂ AI Challenge\.venv\Lib\site-packages\sklearn\utils\validation.py:2749: UserWarning: X does not have valid feature names, but LGBMRegressor was fitted with feature names
  warnings.warn(
D:\¥Î»∏\2026 ±›¿∂ AI Challenge\.venv\Lib\site-packages\sklearn\utils\validation.py:2749: UserWarning: X does not have valid feature names, but LGBMRegressor was fitted with feature names
  warnings.warn(
D:\¥Î»∏\2026 ±›¿∂ AI Challenge\.venv\Lib\site-packages\sklearn\utils\validation.py:2749: UserWarning: X does not have valid feature names, but LGBMRegressor was fitted with feature names
  warnings.warn(
D:\¥Î»∏\2026 ±›¿∂ AI Challenge\.venv\Lib\site-packages\sklearn\utils\validation.py:2749: UserWarning: X does not have valid feature names, but LGBMRegressor was fitted with feature names
  warnings.warn(
D:\¥Î»∏\2026 ±›¿∂ AI Challenge\.venv\Lib\site-packages\sklearn\utils\validation.py:2749: UserWarning: X does not have valid feature names, but LGBMRegressor was fitted with feature names
  warnings.warn(
D:\¥Î»∏\2026 ±›¿∂ AI Challenge\.venv\Lib\site-packages\sklearn\utils\validation.py:2749: UserWarning: X does not have valid feature names, but LGBMRegressor was fitted with feature names
  warnings.warn(
D:\¥Î»∏\2026 ±›¿∂ AI Challenge\.venv\Lib\site-packages\sklearn\utils\validation.py:2749: UserWarning: X does not have valid feature names, but LGBMRegressor was fitted with feature names
  warnings.warn(
D:\¥Î»∏\2026 ±›¿∂ AI Challenge\.venv\Lib\site-packages\sklearn\utils\validation.py:2749: UserWarning: X does not have valid feature names, but LGBMRegressor was fitted with feature names
  warnings.warn(
D:\¥Î»∏\2026 ±›¿∂ AI Challenge\.venv\Lib\site-packages\sklearn\utils\validation.py:2749: UserWarning: X does not have valid feature names, but LGBMRegressor was fitted with feature names
  warnings.warn(
D:\¥Î»∏\2026 ±›¿∂ AI Challenge\.venv\Lib\site-packages\sklearn\utils\validation.py:2749: UserWarning: X does not have valid feature names, but LGBMRegressor was fitted with feature names
  warnings.warn(
D:\¥Î»∏\2026 ±›¿∂ AI Challenge\.venv\Lib\site-packages\sklearn\utils\validation.py:2749: UserWarning: X does not have valid feature names, but LGBMRegressor was fitted with feature names
  warnings.warn(
D:\¥Î»∏\2026 ±›¿∂ AI Challenge\.venv\Lib\site-packages\sklearn\utils\validation.py:2749: UserWarning: X does not have valid feature names, but LGBMRegressor was fitted with feature names
  warnings.warn(
D:\¥Î»∏\2026 ±›¿∂ AI Challenge\.venv\Lib\site-packages\sklearn\utils\validation.py:2749: UserWarning: X does not have valid feature names, but LGBMRegressor was fitted with feature names
  warnings.warn(
D:\¥Î»∏\2026 ±›¿∂ AI Challenge\.venv\Lib\site-packages\sklearn\utils\validation.py:2749: UserWarning: X does not have valid feature names, but LGBMRegressor was fitted with feature names
  warnings.warn(
D:\¥Î»∏\2026 ±›¿∂ AI Challenge\.venv\Lib\site-packages\sklearn\utils\validation.py:2749: UserWarning: X does not have valid feature names, but LGBMRegressor was fitted with feature names
  warnings.warn(
D:\¥Î»∏\2026 ±›¿∂ AI Challenge\.venv\Lib\site-packages\sklearn\utils\validation.py:2749: UserWarning: X does not have valid feature names, but LGBMRegressor was fitted with feature names
  warnings.warn(
D:\¥Î»∏\2026 ±›¿∂ AI Challenge\.venv\Lib\site-packages\sklearn\utils\validation.py:2749: UserWarning: X does not have valid feature names, but LGBMRegressor was fitted with feature names
  warnings.warn(
D:\¥Î»∏\2026 ±›¿∂ AI Challenge\.venv\Lib\site-packages\sklearn\utils\validation.py:2749: UserWarning: X does not have valid feature names, but LGBMRegressor was fitted with feature names
  warnings.warn(
D:\¥Î»∏\2026 ±›¿∂ AI Challenge\.venv\Lib\site-packages\sklearn\utils\validation.py:2749: UserWarning: X does not have valid feature names, but LGBMRegressor was fitted with feature names
  warnings.warn(
D:\¥Î»∏\2026 ±›¿∂ AI Challenge\.venv\Lib\site-packages\sklearn\utils\validation.py:2749: UserWarning: X does not have valid feature names, but LGBMRegressor was fitted with feature names
  warnings.warn(
D:\¥Î»∏\2026 ±›¿∂ AI Challenge\.venv\Lib\site-packages\sklearn\utils\validation.py:2749: UserWarning: X does not have valid feature names, but LGBMRegressor was fitted with feature names
  warnings.warn(
D:\¥Î»∏\2026 ±›¿∂ AI Challenge\.venv\Lib\site-packages\sklearn\utils\validation.py:2749: UserWarning: X does not have valid feature names, but LGBMRegressor was fitted with feature names
  warnings.warn(
D:\¥Î»∏\2026 ±›¿∂ AI Challenge\.venv\Lib\site-packages\sklearn\utils\validation.py:2749: UserWarning: X does not have valid feature names, but LGBMRegressor was fitted with feature names
  warnings.warn(
D:\¥Î»∏\2026 ±›¿∂ AI Challenge\.venv\Lib\site-packages\sklearn\utils\validation.py:2749: UserWarning: X does not have valid feature names, but LGBMRegressor was fitted with feature names
  warnings.warn(
D:\¥Î»∏\2026 ±›¿∂ AI Challenge\.venv\Lib\site-packages\sklearn\utils\validation.py:2749: UserWarning: X does not have valid feature names, but LGBMRegressor was fitted with feature names
  warnings.warn(
D:\¥Î»∏\2026 ±›¿∂ AI Challenge\.venv\Lib\site-packages\sklearn\utils\validation.py:2749: UserWarning: X does not have valid feature names, but LGBMRegressor was fitted with feature names
  warnings.warn(
D:\¥Î»∏\2026 ±›¿∂ AI Challenge\.venv\Lib\site-packages\sklearn\utils\validation.py:2749: UserWarning: X does not have valid feature names, but LGBMRegressor was fitted with feature names
  warnings.warn(
D:\¥Î»∏\2026 ±›¿∂ AI Challenge\.venv\Lib\site-packages\sklearn\utils\validation.py:2749: UserWarning: X does not have valid feature names, but LGBMRegressor was fitted with feature names
  warnings.warn(
D:\¥Î»∏\2026 ±›¿∂ AI Challenge\.venv\Lib\site-packages\sklearn\utils\validation.py:2749: UserWarning: X does not have valid feature names, but LGBMRegressor was fitted with feature names
  warnings.warn(
D:\¥Î»∏\2026 ±›¿∂ AI Challenge\.venv\Lib\site-packages\sklearn\utils\validation.py:2749: UserWarning: X does not have valid feature names, but LGBMRegressor was fitted with feature names
  warnings.warn(
D:\¥Î»∏\2026 ±›¿∂ AI Challenge\.venv\Lib\site-packages\sklearn\utils\validation.py:2749: UserWarning: X does not have valid feature names, but LGBMRegressor was fitted with feature names
  warnings.warn(
D:\¥Î»∏\2026 ±›¿∂ AI Challenge\.venv\Lib\site-packages\sklearn\utils\validation.py:2749: UserWarning: X does not have valid feature names, but LGBMRegressor was fitted with feature names
  warnings.warn(
D:\¥Î»∏\2026 ±›¿∂ AI Challenge\.venv\Lib\site-packages\sklearn\utils\validation.py:2749: UserWarning: X does not have valid feature names, but LGBMRegressor was fitted with feature names
  warnings.warn(
D:\¥Î»∏\2026 ±›¿∂ AI Challenge\.venv\Lib\site-packages\sklearn\utils\validation.py:2749: UserWarning: X does not have valid feature names, but LGBMRegressor was fitted with feature names
  warnings.warn(
D:\¥Î»∏\2026 ±›¿∂ AI Challenge\.venv\Lib\site-packages\sklearn\utils\validation.py:2749: UserWarning: X does not have valid feature names, but LGBMRegressor was fitted with feature names
  warnings.warn(
D:\¥Î»∏\2026 ±›¿∂ AI Challenge\.venv\Lib\site-packages\sklearn\utils\validation.py:2749: UserWarning: X does not have valid feature names, but LGBMRegressor was fitted with feature names
  warnings.warn(
D:\¥Î»∏\2026 ±›¿∂ AI Challenge\.venv\Lib\site-packages\sklearn\utils\validation.py:2749: UserWarning: X does not have valid feature names, but LGBMRegressor was fitted with feature names
  warnings.warn(
D:\¥Î»∏\2026 ±›¿∂ AI Challenge\.venv\Lib\site-packages\sklearn\utils\validation.py:2749: UserWarning: X does not have valid feature names, but LGBMRegressor was fitted with feature names
  warnings.warn(
D:\¥Î»∏\2026 ±›¿∂ AI Challenge\.venv\Lib\site-packages\sklearn\utils\validation.py:2749: UserWarning: X does not have valid feature names, but LGBMRegressor was fitted with feature names
  warnings.warn(
D:\¥Î»∏\2026 ±›¿∂ AI Challenge\.venv\Lib\site-packages\sklearn\utils\validation.py:2749: UserWarning: X does not have valid feature names, but LGBMRegressor was fitted with feature names
  warnings.warn(
D:\¥Î»∏\2026 ±›¿∂ AI Challenge\.venv\Lib\site-packages\sklearn\utils\validation.py:2749: UserWarning: X does not have valid feature names, but LGBMRegressor was fitted with feature names
  warnings.warn(
D:\¥Î»∏\2026 ±›¿∂ AI Challenge\.venv\Lib\site-packages\sklearn\utils\validation.py:2749: UserWarning: X does not have valid feature names, but LGBMRegressor was fitted with feature names
  warnings.warn(
D:\¥Î»∏\2026 ±›¿∂ AI Challenge\.venv\Lib\site-packages\sklearn\utils\validation.py:2749: UserWarning: X does not have valid feature names, but LGBMRegressor was fitted with feature names
  warnings.warn(
D:\¥Î»∏\2026 ±›¿∂ AI Challenge\.venv\Lib\site-packages\sklearn\utils\validation.py:2749: UserWarning: X does not have valid feature names, but LGBMRegressor was fitted with feature names
  warnings.warn(
D:\¥Î»∏\2026 ±›¿∂ AI Challenge\.venv\Lib\site-packages\sklearn\utils\validation.py:2749: UserWarning: X does not have valid feature names, but LGBMRegressor was fitted with feature names
  warnings.warn(
D:\¥Î»∏\2026 ±›¿∂ AI Challenge\.venv\Lib\site-packages\sklearn\utils\validation.py:2749: UserWarning: X does not have valid feature names, but LGBMRegressor was fitted with feature names
  warnings.warn(
D:\¥Î»∏\2026 ±›¿∂ AI Challenge\.venv\Lib\site-packages\sklearn\utils\validation.py:2749: UserWarning: X does not have valid feature names, but LGBMRegressor was fitted with feature names
  warnings.warn(
D:\¥Î»∏\2026 ±›¿∂ AI Challenge\.venv\Lib\site-packages\sklearn\utils\validation.py:2749: UserWarning: X does not have valid feature names, but LGBMRegressor was fitted with feature names
  warnings.warn(
D:\¥Î»∏\2026 ±›¿∂ AI Challenge\.venv\Lib\site-packages\sklearn\utils\validation.py:2749: UserWarning: X does not have valid feature names, but LGBMRegressor was fitted with feature names
  warnings.warn(
D:\¥Î»∏\2026 ±›¿∂ AI Challenge\.venv\Lib\site-packages\sklearn\utils\validation.py:2749: UserWarning: X does not have valid feature names, but LGBMRegressor was fitted with feature names
  warnings.warn(
D:\¥Î»∏\2026 ±›¿∂ AI Challenge\.venv\Lib\site-packages\sklearn\utils\validation.py:2749: UserWarning: X does not have valid feature names, but LGBMRegressor was fitted with feature names
  warnings.warn(
D:\¥Î»∏\2026 ±›¿∂ AI Challenge\.venv\Lib\site-packages\sklearn\utils\validation.py:2749: UserWarning: X does not have valid feature names, but LGBMRegressor was fitted with feature names
  warnings.warn(
D:\¥Î»∏\2026 ±›¿∂ AI Challenge\.venv\Lib\site-packages\sklearn\utils\validation.py:2749: UserWarning: X does not have valid feature names, but LGBMRegressor was fitted with feature names
  warnings.warn(
D:\¥Î»∏\2026 ±›¿∂ AI Challenge\.venv\Lib\site-packages\sklearn\utils\validation.py:2749: UserWarning: X does not have valid feature names, but LGBMRegressor was fitted with feature names
  warnings.warn(
D:\¥Î»∏\2026 ±›¿∂ AI Challenge\.venv\Lib\site-packages\sklearn\utils\validation.py:2749: UserWarning: X does not have valid feature names, but LGBMRegressor was fitted with feature names
  warnings.warn(
D:\¥Î»∏\2026 ±›¿∂ AI Challenge\.venv\Lib\site-packages\sklearn\utils\validation.py:2749: UserWarning: X does not have valid feature names, but LGBMRegressor was fitted with feature names
  warnings.warn(
D:\¥Î»∏\2026 ±›¿∂ AI Challenge\.venv\Lib\site-packages\sklearn\utils\validation.py:2749: UserWarning: X does not have valid feature names, but LGBMRegressor was fitted with feature names
  warnings.warn(
D:\¥Î»∏\2026 ±›¿∂ AI Challenge\.venv\Lib\site-packages\sklearn\utils\validation.py:2749: UserWarning: X does not have valid feature names, but LGBMRegressor was fitted with feature names
  warnings.warn(
D:\¥Î»∏\2026 ±›¿∂ AI Challenge\.venv\Lib\site-packages\sklearn\utils\validation.py:2749: UserWarning: X does not have valid feature names, but LGBMRegressor was fitted with feature names
  warnings.warn(
D:\¥Î»∏\2026 ±›¿∂ AI Challenge\.venv\Lib\site-packages\sklearn\utils\validation.py:2749: UserWarning: X does not have valid feature names, but LGBMRegressor was fitted with feature names
  warnings.warn(
D:\¥Î»∏\2026 ±›¿∂ AI Challenge\.venv\Lib\site-packages\sklearn\utils\validation.py:2749: UserWarning: X does not have valid feature names, but LGBMRegressor was fitted with feature names
  warnings.warn(
D:\¥Î»∏\2026 ±›¿∂ AI Challenge\.venv\Lib\site-packages\sklearn\utils\validation.py:2749: UserWarning: X does not have valid feature names, but LGBMRegressor was fitted with feature names
  warnings.warn(
D:\¥Î»∏\2026 ±›¿∂ AI Challenge\.venv\Lib\site-packages\sklearn\utils\validation.py:2749: UserWarning: X does not have valid feature names, but LGBMRegressor was fitted with feature names
  warnings.warn(
D:\¥Î»∏\2026 ±›¿∂ AI Challenge\.venv\Lib\site-packages\sklearn\utils\validation.py:2749: UserWarning: X does not have valid feature names, but LGBMRegressor was fitted with feature names
  warnings.warn(
D:\¥Î»∏\2026 ±›¿∂ AI Challenge\.venv\Lib\site-packages\sklearn\utils\validation.py:2749: UserWarning: X does not have valid feature names, but LGBMRegressor was fitted with feature names
  warnings.warn(
D:\¥Î»∏\2026 ±›¿∂ AI Challenge\.venv\Lib\site-packages\sklearn\utils\validation.py:2749: UserWarning: X does not have valid feature names, but LGBMRegressor was fitted with feature names
  warnings.warn(
D:\¥Î»∏\2026 ±›¿∂ AI Challenge\.venv\Lib\site-packages\sklearn\utils\validation.py:2749: UserWarning: X does not have valid feature names, but LGBMRegressor was fitted with feature names
  warnings.warn(
D:\¥Î»∏\2026 ±›¿∂ AI Challenge\.venv\Lib\site-packages\sklearn\utils\validation.py:2749: UserWarning: X does not have valid feature names, but LGBMRegressor was fitted with feature names
  warnings.warn(
D:\¥Î»∏\2026 ±›¿∂ AI Challenge\.venv\Lib\site-packages\sklearn\utils\validation.py:2749: UserWarning: X does not have valid feature names, but LGBMRegressor was fitted with feature names
  warnings.warn(
D:\¥Î»∏\2026 ±›¿∂ AI Challenge\.venv\Lib\site-packages\sklearn\utils\validation.py:2749: UserWarning: X does not have valid feature names, but LGBMRegressor was fitted with feature names
  warnings.warn(
D:\¥Î»∏\2026 ±›¿∂ AI Challenge\.venv\Lib\site-packages\sklearn\utils\validation.py:2749: UserWarning: X does not have valid feature names, but LGBMRegressor was fitted with feature names
  warnings.warn(
